// Jest Snapshot v1, https://goo.gl/fbAQLP

exports[`Search has a valid snapshot 1`] = `
<form>
  Search
  <input
    defaultValue="redux"
    onChange={[Function]}
    type="text"
  />
  <button
    className="button-inline"
    type="button"
  >
    RESET
  </button>
</form>
`;
